==================================== INPUT ====================================
query RelayClientIDFieldQuery($id: ID!) {
  __id # ok on query type
  me {
    __id # ok on object type with 'id'
    __typename
    id
  }
  node(id: $id) {
    __id # ok on interface type
    __typename
    id
    ... on Comment {
      commentBody(supported: ["PlainCommentBody"]) {
        __id # ok on union type
        __typename
        ... on PlainCommentBody {
          __id # ok on object type w/o 'id'
          text {
            __id # ok on object type w/o 'id'
            __typename
            text
          }
        }
      }
    }
  }
}
==================================== OUTPUT ===================================
/*
 * future proof enums: false
 * future proof abstract types: false
 */

export type RelayClientIDFieldQueryVariables = {|
  id: string
|};
export type RelayClientIDFieldQueryResponse = {|
  +__id: string,
  +me: ?{|
    +__id: string,
    +__typename: string,
    +id: string,
  |},
  +node: ?({|
    +__typename: "Comment",
    +commentBody: ?({|
      +__typename: "PlainCommentBody",
      +__id: string,
      +text: ?{|
        +__id: string,
        +__typename: string,
        +text: ?string,
      |},
      +__id: string,
    |} | {|
      +__typename: "MarkdownCommentBody",
      +__id: string,
    |}),
    +__id: string,
    +id: string,
  |} | {|
    +__typename: "Feedback" | "Page" | "PhotoStory" | "Story" | "User",
    +__id: string,
    +id: string,
  |}),
|};
export type RelayClientIDFieldQuery = {|
  variables: RelayClientIDFieldQueryVariables,
  response: RelayClientIDFieldQueryResponse,
|};
-------------------------------------------------------------------------------
/*
 * future proof enums: true
 * future proof abstract types: false
 */

export type RelayClientIDFieldQueryVariables = {|
  id: string
|};
export type RelayClientIDFieldQueryResponse = {|
  +__id: string,
  +me: ?{|
    +__id: string,
    +__typename: string,
    +id: string,
  |},
  +node: ?({|
    +__typename: "Comment",
    +commentBody: ?({|
      +__typename: "PlainCommentBody",
      +__id: string,
      +text: ?{|
        +__id: string,
        +__typename: string,
        +text: ?string,
      |},
      +__id: string,
    |} | {|
      +__typename: "MarkdownCommentBody",
      +__id: string,
    |}),
    +__id: string,
    +id: string,
  |} | {|
    +__typename: "Feedback" | "Page" | "PhotoStory" | "Story" | "User",
    +__id: string,
    +id: string,
  |}),
|};
export type RelayClientIDFieldQuery = {|
  variables: RelayClientIDFieldQueryVariables,
  response: RelayClientIDFieldQueryResponse,
|};
-------------------------------------------------------------------------------
/*
 * future proof enums: false
 * future proof abstract types: true
 */

export type RelayClientIDFieldQueryVariables = {|
  id: string
|};
export type RelayClientIDFieldQueryResponse = {|
  +__id: string,
  +me: ?{|
    +__id: string,
    +__typename: string,
    +id: string,
  |},
  +node: ?({|
    +__typename: "Comment",
    +commentBody: ?({|
      +__typename: "PlainCommentBody",
      +__id: string,
      +text: ?{|
        +__id: string,
        +__typename: string,
        +text: ?string,
      |},
      +__id: string,
    |} | {|
      // This will never be '%other', but we need some
      // value in case none of the concrete values match.
      +__typename: "%other",
      +__id: string,
    |}),
    +__id: string,
    +id: string,
  |} | {|
    // This will never be '%other', but we need some
    // value in case none of the concrete values match.
    +__typename: "%other",
    +__id: string,
    +id: string,
  |}),
|};
export type RelayClientIDFieldQuery = {|
  variables: RelayClientIDFieldQueryVariables,
  response: RelayClientIDFieldQueryResponse,
|};
-------------------------------------------------------------------------------
/*
 * future proof enums: true
 * future proof abstract types: true
 */

export type RelayClientIDFieldQueryVariables = {|
  id: string
|};
export type RelayClientIDFieldQueryResponse = {|
  +__id: string,
  +me: ?{|
    +__id: string,
    +__typename: string,
    +id: string,
  |},
  +node: ?({|
    +__typename: "Comment",
    +commentBody: ?({|
      +__typename: "PlainCommentBody",
      +__id: string,
      +text: ?{|
        +__id: string,
        +__typename: string,
        +text: ?string,
      |},
      +__id: string,
    |} | {|
      // This will never be '%other', but we need some
      // value in case none of the concrete values match.
      +__typename: "%other",
      +__id: string,
    |}),
    +__id: string,
    +id: string,
  |} | {|
    // This will never be '%other', but we need some
    // value in case none of the concrete values match.
    +__typename: "%other",
    +__id: string,
    +id: string,
  |}),
|};
export type RelayClientIDFieldQuery = {|
  variables: RelayClientIDFieldQueryVariables,
  response: RelayClientIDFieldQueryResponse,
|};
