==================================== INPUT ====================================
query MyQuery @raw_response_type {
  me @required(action: LOG) {
    id @required(action: LOG)
    name @required(action: LOG)
  }
}
==================================== OUTPUT ===================================
/*
 * future proof enums: false
 * future proof abstract types: false
 */

export type MyQueryVariables = {||};
export type MyQueryResponse = ?{|
  +me: {|
    +id: string,
    +name: string,
  |}
|};
export type MyQueryRawResponse = {|
  +me: ?{|
    +id: string,
    +name: ?string,
  |}
|};
export type MyQuery = {|
  variables: MyQueryVariables,
  response: MyQueryResponse,
  rawResponse: MyQueryRawResponse,
|};
-------------------------------------------------------------------------------
/*
 * future proof enums: true
 * future proof abstract types: false
 */

export type MyQueryVariables = {||};
export type MyQueryResponse = ?{|
  +me: {|
    +id: string,
    +name: string,
  |}
|};
export type MyQueryRawResponse = {|
  +me: ?{|
    +id: string,
    +name: ?string,
  |}
|};
export type MyQuery = {|
  variables: MyQueryVariables,
  response: MyQueryResponse,
  rawResponse: MyQueryRawResponse,
|};
-------------------------------------------------------------------------------
/*
 * future proof enums: false
 * future proof abstract types: true
 */

export type MyQueryVariables = {||};
export type MyQueryResponse = ?{|
  +me: {|
    +id: string,
    +name: string,
  |}
|};
export type MyQueryRawResponse = {|
  +me: ?{|
    +id: string,
    +name: ?string,
  |}
|};
export type MyQuery = {|
  variables: MyQueryVariables,
  response: MyQueryResponse,
  rawResponse: MyQueryRawResponse,
|};
-------------------------------------------------------------------------------
/*
 * future proof enums: true
 * future proof abstract types: true
 */

export type MyQueryVariables = {||};
export type MyQueryResponse = ?{|
  +me: {|
    +id: string,
    +name: string,
  |}
|};
export type MyQueryRawResponse = {|
  +me: ?{|
    +id: string,
    +name: ?string,
  |}
|};
export type MyQuery = {|
  variables: MyQueryVariables,
  response: MyQueryResponse,
  rawResponse: MyQueryRawResponse,
|};
