==================================== INPUT ====================================
fragment SomeFragment on User {
  neighbors {
    name @required(action: THROW)
  }
}
==================================== OUTPUT ===================================
/*
 * future proof enums: false
 * future proof abstract types: false
 */

import type { FragmentReference } from "relay-runtime";
declare export opaque type SomeFragment$ref: FragmentReference;
declare export opaque type SomeFragment$fragmentType: SomeFragment$ref;
export type SomeFragment = {|
  +neighbors: ?$ReadOnlyArray<{|
    +name: string
  |}>,
  +$refType: SomeFragment$ref,
|};
export type SomeFragment$data = SomeFragment;
export type SomeFragment$key = {
  +$data?: SomeFragment$data,
  +$fragmentRefs: SomeFragment$ref,
  ...
};
-------------------------------------------------------------------------------
/*
 * future proof enums: true
 * future proof abstract types: false
 */

import type { FragmentReference } from "relay-runtime";
declare export opaque type SomeFragment$ref: FragmentReference;
declare export opaque type SomeFragment$fragmentType: SomeFragment$ref;
export type SomeFragment = {|
  +neighbors: ?$ReadOnlyArray<{|
    +name: string
  |}>,
  +$refType: SomeFragment$ref,
|};
export type SomeFragment$data = SomeFragment;
export type SomeFragment$key = {
  +$data?: SomeFragment$data,
  +$fragmentRefs: SomeFragment$ref,
  ...
};
-------------------------------------------------------------------------------
/*
 * future proof enums: false
 * future proof abstract types: true
 */

import type { FragmentReference } from "relay-runtime";
declare export opaque type SomeFragment$ref: FragmentReference;
declare export opaque type SomeFragment$fragmentType: SomeFragment$ref;
export type SomeFragment = {|
  +neighbors: ?$ReadOnlyArray<{|
    +name: string
  |}>,
  +$refType: SomeFragment$ref,
|};
export type SomeFragment$data = SomeFragment;
export type SomeFragment$key = {
  +$data?: SomeFragment$data,
  +$fragmentRefs: SomeFragment$ref,
  ...
};
-------------------------------------------------------------------------------
/*
 * future proof enums: true
 * future proof abstract types: true
 */

import type { FragmentReference } from "relay-runtime";
declare export opaque type SomeFragment$ref: FragmentReference;
declare export opaque type SomeFragment$fragmentType: SomeFragment$ref;
export type SomeFragment = {|
  +neighbors: ?$ReadOnlyArray<{|
    +name: string
  |}>,
  +$refType: SomeFragment$ref,
|};
export type SomeFragment$data = SomeFragment;
export type SomeFragment$key = {
  +$data?: SomeFragment$data,
  +$fragmentRefs: SomeFragment$ref,
  ...
};
