==================================== INPUT ====================================
mutation CommentCreateMutation(
  $input: CommentCreateInput!
  $first: Int
  $orderBy: [String!]
) @raw_response_type {
  commentCreate(input: $input) {
    comment {
      friends(first: $first, orderby: $orderBy) {
        edges {
          node {
            lastName
            ...FriendFragment
          }
        }
      }
    }
  }
}

fragment FriendFragment on User {
  name
  lastName
  feedback {
    ...FeedbackFragment
  }
}

fragment FeedbackFragment on Feedback {
  id
  name
}
==================================== OUTPUT ===================================
export type CommentCreateInput = {
  clientMutationId?: string,
  feedbackId?: string,
  feedback?: CommentfeedbackFeedback,
};
export type CommentfeedbackFeedback = {
  comment?: FeedbackcommentComment
};
export type FeedbackcommentComment = {
  feedback?: CommentfeedbackFeedback
};
export type CommentCreateMutationVariables = {
  input: CommentCreateInput,
  first?: number,
  orderBy?: ReadonlyArray<string>,
};
export type CommentCreateMutationResponse = {
  readonly commentCreate?: {
    readonly comment?: {
      readonly friends?: {
        readonly edges?: ReadonlyArray<{
          readonly node?: {
            readonly lastName?: string,
            readonly " $fragmentRefs": FriendFragment$ref,
          }
        } | null>
      }
    }
  }
};
export type CommentCreateMutationRawResponse = {
  readonly commentCreate?: {
    readonly comment?: {
      readonly friends?: {
        readonly edges?: ReadonlyArray<{
          readonly node?: {
            readonly lastName?: string,
            readonly name?: string,
            readonly feedback?: {
              readonly id: string,
              readonly name?: string,
            },
            readonly id: string,
          }
        } | null>
      },
      readonly id: string,
    }
  }
};
export type CommentCreateMutation = {
  variables: CommentCreateMutationVariables,
  response: CommentCreateMutationResponse,
  rawResponse: CommentCreateMutationRawResponse,
};
-------------------------------------------------------------------------------
import { FragmentRefs } from "relay-runtime";
export type FeedbackFragment = {
  readonly id: string,
  readonly name?: string,
  readonly " $refType": FragmentRefs<"FeedbackFragment">,
};
export type FeedbackFragment$data = FeedbackFragment;
export type FeedbackFragment$key = {
  readonly " $data"?: FeedbackFragment$data,
  readonly " $fragmentRefs": FragmentRefs<"FeedbackFragment">,
};
-------------------------------------------------------------------------------
import { FragmentRefs } from "relay-runtime";
export type FriendFragment = {
  readonly name?: string,
  readonly lastName?: string,
  readonly feedback?: {
    readonly " $fragmentRefs": FeedbackFragment$ref
  },
  readonly " $refType": FragmentRefs<"FriendFragment">,
};
export type FriendFragment$data = FriendFragment;
export type FriendFragment$key = {
  readonly " $data"?: FriendFragment$data,
  readonly " $fragmentRefs": FragmentRefs<"FriendFragment">,
};
