==================================== INPUT ====================================
query Test @raw_response_type {
  node(id: "1") {
    ...Test_user
  }
}

fragment Test_user on User {
  plainUserRenderer {
    ...Test_userRenderer @module(name: "Renderer.react")
  }
}

fragment Test_userRenderer on PlainUserRenderer {
  user {
    username
  }
}
==================================== OUTPUT ===================================
import { Local3DPayload } from "relay-runtime";
export type TestVariables = {};
export type TestResponse = {
  readonly node?: {
    readonly " $fragmentRefs": Test_user$ref
  }
};
export type Test_userRenderer = {
  readonly user?: {
    readonly username?: string,
    readonly id: string,
  }
};
export type TestRawResponse = {
  readonly node?: {
    readonly __typename: "User",
    readonly id: string,
    readonly plainUserRenderer?: {
      readonly __module_operation_Test_user?: any,
      readonly __module_component_Test_user?: any,
    } | Local3DPayload<"Test_user", {}>,
  } | {
    readonly __typename: string,
    readonly id: string,
  }
};
export type Test = {
  variables: TestVariables,
  response: TestResponse,
  rawResponse: TestRawResponse,
};
-------------------------------------------------------------------------------
import { FragmentRefs } from "relay-runtime";
export type Test_user = {
  readonly plainUserRenderer?: {
    readonly __fragmentPropName?: string,
    readonly __module_component?: string,
    readonly " $fragmentRefs": Test_userRenderer$ref,
  },
  readonly " $refType": FragmentRefs<"Test_user">,
};
export type Test_user$data = Test_user;
export type Test_user$key = {
  readonly " $data"?: Test_user$data,
  readonly " $fragmentRefs": FragmentRefs<"Test_user">,
};
-------------------------------------------------------------------------------
import { FragmentRefs } from "relay-runtime";
export type Test_userRenderer = {
  readonly user?: {
    readonly username?: string
  },
  readonly " $refType": FragmentRefs<"Test_userRenderer">,
};
export type Test_userRenderer$data = Test_userRenderer;
export type Test_userRenderer$key = {
  readonly " $data"?: Test_userRenderer$data,
  readonly " $fragmentRefs": FragmentRefs<"Test_userRenderer">,
};
