==================================== INPUT ====================================
query ExampleQuery($id: ID!, $condition: Boolean!) @raw_response_type {
  node(id: $id) {
    ...FriendFragment
  }
}

fragment FriendFragment on User {
  ... @include(if: $condition) {
    name
    lastName
    feedback {
      id
      name
    }
  }
}
==================================== OUTPUT ===================================
export type ExampleQueryVariables = {
  id: string,
  condition: boolean,
};
export type ExampleQueryResponse = {
  readonly node?: {
    readonly " $fragmentRefs": FragmentRefs<"FriendFragment">
  }
};
export type ExampleQueryRawResponse = {
  readonly node?: {
    readonly __typename: "User",
    readonly id: string,
    readonly name?: string,
    readonly lastName?: string,
    readonly feedback?: {
      readonly id: string,
      readonly name?: string,
    },
  } | {
    readonly __typename: string,
    readonly id: string,
  }
};
export type ExampleQuery = {
  variables: ExampleQueryVariables,
  response: ExampleQueryResponse,
  rawResponse: ExampleQueryRawResponse,
};
-------------------------------------------------------------------------------
import { FragmentRefs } from "relay-runtime";
export type FriendFragment = {
  readonly name?: string,
  readonly lastName?: string,
  readonly feedback?: {
    readonly id: string,
    readonly name?: string,
  },
  readonly " $refType": FragmentRefs<"FriendFragment">,
};
export type FriendFragment$data = FriendFragment;
export type FriendFragment$key = {
  readonly " $data"?: FriendFragment$data,
  readonly " $fragmentRefs": FragmentRefs<"FriendFragment">,
};
