==================================== INPUT ====================================
query ExampleQuery($id: ID!) @raw_response_type {
  node(id: $id) {
    username
    ...FriendFragment
    ... @include(if: false) {
      friends(first: 0) {
        count
      }
    }
  }
}

fragment FriendFragment on User {
  ... @include(if: false) {
    name
    lastName
    feedback {
      id
      name
    }
  }
}
==================================== OUTPUT ===================================
export type ExampleQueryVariables = {
  id: string
};
export type ExampleQueryResponse = {
  readonly node?: {
    readonly username?: string,
    readonly friends?: {
      readonly count?: number
    },
    readonly " $fragmentRefs": FriendFragment$ref,
  }
};
export type ExampleQueryRawResponse = {
  readonly node?: {
    readonly __typename: string,
    readonly username?: string,
    readonly id: string,
  }
};
export type ExampleQuery = {
  variables: ExampleQueryVariables,
  response: ExampleQueryResponse,
  rawResponse: ExampleQueryRawResponse,
};
-------------------------------------------------------------------------------
import { FragmentRefs } from "relay-runtime";
export type FriendFragment = {
  readonly name?: string,
  readonly lastName?: string,
  readonly feedback?: {
    readonly id: string,
    readonly name?: string,
  },
  readonly " $refType": FragmentRefs<"FriendFragment">,
};
export type FriendFragment$data = FriendFragment;
export type FriendFragment$key = {
  readonly $data?: FriendFragment$data,
  readonly " $fragmentRefs": FragmentRefs<"FriendFragment">,
};
