==================================== INPUT ====================================
fragment FlowRefetchableFragment on Node
  @refetchable(queryName: "FlowRefetchableFragmentQuery") {
  id
  ... on User {
    name
  }
}
==================================== OUTPUT ===================================
import { FragmentRefs } from "relay-runtime";
export type FlowRefetchableFragmentQueryVariables = {
  id: string
};
export type FlowRefetchableFragmentQueryResponse = {
  readonly node?: {
    readonly " $fragmentRefs": FlowRefetchableFragment$ref
  }
};
export type FlowRefetchableFragmentQuery = {
  variables: FlowRefetchableFragmentQueryVariables,
  response: FlowRefetchableFragmentQueryResponse,
};
-------------------------------------------------------------------------------
import { FragmentRefs } from "relay-runtime";
export type FlowRefetchableFragment = {
  readonly id: string,
  readonly name?: string,
  readonly " $refType": FragmentRefs<"FlowRefetchableFragment">,
};
export type FlowRefetchableFragment$data = FlowRefetchableFragment;
export type FlowRefetchableFragment$key = {
  readonly " $data"?: FlowRefetchableFragment$data,
  readonly " $fragmentRefs": FragmentRefs<"FlowRefetchableFragment">,
};
