==================================== INPUT ====================================
fragment NonNullFragment on User {
  firstName
  screennames {
    name
    service @required(action: LOG)
  }
}
==================================== OUTPUT ===================================
import { FragmentRefs } from "relay-runtime";
export type NonNullFragment = {
  readonly firstName?: string,
  readonly screennames?: ReadonlyArray<{
    readonly name?: string,
    readonly service: string,
  } | null>,
  readonly " $refType": FragmentRefs<"NonNullFragment">,
};
export type NonNullFragment$data = NonNullFragment;
export type NonNullFragment$key = {
  readonly $data?: NonNullFragment$data,
  readonly " $fragmentRefs": FragmentRefs<"NonNullFragment">,
};
