==================================== INPUT ====================================
fragment NonNullFragment on User {
  firstName
  lastName @required(action: THROW)
}
==================================== OUTPUT ===================================
import { FragmentRefs } from "relay-runtime";
export type NonNullFragment = {
  readonly firstName?: string,
  readonly lastName: string,
  readonly " $refType": FragmentRefs<"NonNullFragment">,
};
export type NonNullFragment$data = NonNullFragment;
export type NonNullFragment$key = {
  readonly $data?: NonNullFragment$data,
  readonly " $fragmentRefs": FragmentRefs<"NonNullFragment">,
};
