==================================== INPUT ====================================
query ExampleQuery($id: ID!) {
  node(id: $id) {
    id
  }
}

fragment ExampleFragment on User {
  id
}

mutation TestMutation($input: CommentCreateInput!) {
  commentCreate(input: $input) {
    comment {
      id
    }
  }
}

subscription TestSubscription($input: FeedbackLikeInput) {
  feedbackLikeSubscribe(input: $input) {
    feedback {
      id
    }
  }
}
==================================== OUTPUT ===================================
export type ExampleQueryVariables = {
  id: string
};
export type ExampleQueryResponse = {
  readonly node?: {
    readonly id: string
  }
};
export type ExampleQuery = {
  variables: ExampleQueryVariables,
  response: ExampleQueryResponse,
};
-------------------------------------------------------------------------------
export type CommentCreateInput = {
  clientMutationId?: string,
  feedbackId?: string,
  feedback?: CommentfeedbackFeedback,
};
export type CommentfeedbackFeedback = {
  comment?: FeedbackcommentComment
};
export type FeedbackcommentComment = {
  feedback?: CommentfeedbackFeedback
};
export type TestMutationVariables = {
  input: CommentCreateInput
};
export type TestMutationResponse = {
  readonly commentCreate?: {
    readonly comment?: {
      readonly id: string
    }
  }
};
export type TestMutation = {
  variables: TestMutationVariables,
  response: TestMutationResponse,
};
-------------------------------------------------------------------------------
export type FeedbackLikeInput = {
  clientMutationId?: string,
  feedbackId?: string,
};
export type TestSubscriptionVariables = {
  input?: FeedbackLikeInput
};
export type TestSubscriptionResponse = {
  readonly feedbackLikeSubscribe?: {
    readonly feedback?: {
      readonly id: string
    }
  }
};
export type TestSubscription = {
  variables: TestSubscriptionVariables,
  response: TestSubscriptionResponse,
};
-------------------------------------------------------------------------------
import { FragmentRefs } from "relay-runtime";
export type ExampleFragment = {
  readonly id: string,
  readonly " $refType": FragmentRefs<"ExampleFragment">,
};
export type ExampleFragment$data = ExampleFragment;
export type ExampleFragment$key = {
  readonly " $data"?: ExampleFragment$data,
  readonly " $fragmentRefs": FragmentRefs<"ExampleFragment">,
};
