==================================== INPUT ====================================
fragment ScalarField on User {
  id
  name
  websites
  traits
  aliasedLinkedField: birthdate {
    aliasedField: year
  }
  screennames {
    name
    service
  }
}
==================================== OUTPUT ===================================
export type PersonalityTraits = "CHEERFUL" | "DERISIVE" | "HELPFUL" | "SNARKY" | "%future added value";
import { FragmentRefs } from "relay-runtime";
export type ScalarField = {
  readonly id: string,
  readonly name?: string,
  readonly websites?: ReadonlyArray<string | null>,
  readonly traits?: ReadonlyArray<PersonalityTraits | null>,
  readonly aliasedLinkedField?: {
    readonly aliasedField?: number
  },
  readonly screennames?: ReadonlyArray<{
    readonly name?: string,
    readonly service?: string,
  } | null>,
  readonly " $refType": FragmentRefs<"ScalarField">,
};
export type ScalarField$data = ScalarField;
export type ScalarField$key = {
  readonly $data?: ScalarField$data,
  readonly " $fragmentRefs": FragmentRefs<"ScalarField">,
};
