==================================== INPUT ====================================
fragment LinkedField on User {
  name
  profilePicture {
    uri
    width
    height
  }
}
==================================== OUTPUT ===================================
import { FragmentRefs } from "relay-runtime";
export type LinkedField = {
  readonly name?: string,
  readonly profilePicture?: {
    readonly uri?: string,
    readonly width?: number,
    readonly height?: number,
  },
  readonly " $refType": FragmentRefs<"LinkedField">,
};
export type LinkedField$data = LinkedField;
export type LinkedField$key = {
  readonly " $data"?: LinkedField$data,
  readonly " $fragmentRefs": FragmentRefs<"LinkedField">,
};
