==================================== INPUT ====================================
fragment TypenameInsideWithOverlappingFields on Viewer {
  actor {
    __typename
    ... on Page {
      id
      name
    }
    ... on User {
      id
      name
      profile_picture {
        uri
      }
    }
  }
}
==================================== OUTPUT ===================================
import { FragmentRefs } from "relay-runtime";
export type TypenameInsideWithOverlappingFields = {
  readonly actor?: {
    readonly __typename: "Page",
    readonly id: string,
    readonly name?: string,
  } | {
    readonly __typename: "User",
    readonly id: string,
    readonly name?: string,
    readonly profile_picture?: {
      readonly uri?: string
    },
  } | {
    // This will never be '%other', but we need some
    // value in case none of the concrete values match.
    readonly __typename: "%other"
  },
  readonly " $refType": FragmentRefs<"TypenameInsideWithOverlappingFields">,
};
export type TypenameInsideWithOverlappingFields$data = TypenameInsideWithOverlappingFields;
export type TypenameInsideWithOverlappingFields$key = {
  readonly " $data"?: TypenameInsideWithOverlappingFields$data,
  readonly " $fragmentRefs": FragmentRefs<"TypenameInsideWithOverlappingFields">,
};
